[    0.000000] Linux version 4.15.0-194-generic (buildd@lcy02-amd64-052) (gcc version 7.5.0 (Ubuntu 7.5.0-3ubuntu1~18.04)) #205-Ubuntu SMP Fri Sep 16 19:49:27 UTC 2022 (Ubuntu 4.15.0-194.205-generic 4.15.18)
[    0.000000] Command line: BOOT_IMAGE=/boot/vmlinuz-4.15.0-194-generic root=LABEL=cloudimg-rootfs ro console=tty1 console=ttyS0
[    0.000000] KERNEL supported cpus:
[    0.000000]   Intel GenuineIntel
[    0.000000]   AMD AuthenticAMD
[    0.000000]   Centaur CentaurHauls
[    0.000000] x86/fpu: x87 FPU will use FXSAVE
[    0.000000] e820: BIOS-provided physical RAM map:
[    0.000000] BIOS-e820: [mem 0x0000000000000000-0x000000000009fbff] usable
[    0.000000] BIOS-e820: [mem 0x000000000009fc00-0x000000000009ffff] reserved
[    0.000000] BIOS-e820: [mem 0x00000000000f0000-0x00000000000fffff] reserved
[    0.000000] BIOS-e820: [mem 0x0000000000100000-0x000000003ffeffff] usable
[    0.000000] BIOS-e820: [mem 0x000000003fff0000-0x000000003fffffff] ACPI data
[    0.000000] BIOS-e820: [mem 0x00000000fec00000-0x00000000fec00fff] reserved
[    0.000000] BIOS-e820: [mem 0x00000000fee00000-0x00000000fee00fff] reserved
[    0.000000] BIOS-e820: [mem 0x00000000fffc0000-0x00000000ffffffff] reserved
[    0.000000] NX (Execute Disable) protection: active
[    0.000000] SMBIOS 2.5 present.
[    0.000000] DMI: innotek GmbH VirtualBox/VirtualBox, BIOS VirtualBox 12/01/2006
[    0.000000] Hypervisor detected: KVM
[    0.000000] e820: last_pfn = 0x3fff0 max_arch_pfn = 0x400000000
[    0.000000] MTRR: Disabled
[    0.000000] x86/PAT: MTRRs disabled, skipping PAT initialization too.
[    0.000000] CPU MTRRs all blank - virtualized system.
[    0.000000] x86/PAT: Configuration [0-7]: WB  WT  UC- UC  WB  WT  UC- UC  
[    0.000000] found SMP MP-table at [mem 0x0009fff0-0x0009ffff]
[    0.000000] Scanning 1 areas for low memory corruption
[    0.000000] RAMDISK: [mem 0x359cb000-0x36cdcfff]
[    0.000000] ACPI: Early table checksum verification disabled
[    0.000000] ACPI: RSDP 0x00000000000E0000 000024 (v02 VBOX  )
[    0.000000] ACPI: XSDT 0x000000003FFF0030 00003C (v01 VBOX   VBOXXSDT 00000001 ASL  00000061)
[    0.000000] ACPI: FACP 0x000000003FFF00F0 0000F4 (v04 VBOX   VBOXFACP 00000001 ASL  00000061)
[    0.000000] ACPI: DSDT 0x000000003FFF0470 002325 (v02 VBOX   VBOXBIOS 00000002 INTL 20100528)
[    0.000000] ACPI: FACS 0x000000003FFF0200 000040
[    0.000000] ACPI: FACS 0x000000003FFF0200 000040
[    0.000000] ACPI: APIC 0x000000003FFF0240 000054 (v02 VBOX   VBOXAPIC 00000001 ASL  00000061)
[    0.000000] ACPI: SSDT 0x000000003FFF02A0 0001CC (v01 VBOX   VBOXCPUT 00000002 INTL 20100528)
[    0.000000] ACPI: Reserving FACP table memory at [mem 0x3fff00f0-0x3fff01e3]
[    0.000000] ACPI: Reserving DSDT table memory at [mem 0x3fff0470-0x3fff2794]
[    0.000000] ACPI: Reserving FACS table memory at [mem 0x3fff0200-0x3fff023f]
[    0.000000] ACPI: Reserving FACS table memory at [mem 0x3fff0200-0x3fff023f]
[    0.000000] ACPI: Reserving APIC table memory at [mem 0x3fff0240-0x3fff0293]
[    0.000000] ACPI: Reserving SSDT table memory at [mem 0x3fff02a0-0x3fff046b]
[    0.000000] No NUMA configuration found
[    0.000000] Faking a node at [mem 0x0000000000000000-0x000000003ffeffff]
[    0.000000] NODE_DATA(0) allocated [mem 0x3ffc5000-0x3ffeffff]
[    0.000000] kvm-clock: cpu 0, msr 0:3ff44001, primary cpu clock
[    0.000000] kvm-clock: Using msrs 4b564d01 and 4b564d00
[    0.000000] kvm-clock: using sched offset of 4309804642 cycles
[    0.000000] clocksource: kvm-clock: mask: 0xffffffffffffffff max_cycles: 0x1cd42e4dffb, max_idle_ns: 881590591483 ns
[    0.000000] Zone ranges:
[    0.000000]   DMA      [mem 0x0000000000001000-0x0000000000ffffff]
[    0.000000]   DMA32    [mem 0x0000000001000000-0x000000003ffeffff]
[    0.000000]   Normal   empty
[    0.000000]   Device   empty
[    0.000000] Movable zone start for each node
[    0.000000] Early memory node ranges
[    0.000000]   node   0: [mem 0x0000000000001000-0x000000000009efff]
[    0.000000]   node   0: [mem 0x0000000000100000-0x000000003ffeffff]
[    0.000000] Reserved but unavailable: 104 pages
[    0.000000] Initmem setup node 0 [mem 0x0000000000001000-0x000000003ffeffff]
[    0.000000] ACPI: PM-Timer IO Port: 0x4008
[    0.000000] IOAPIC[0]: apic_id 1, version 32, address 0xfec00000, GSI 0-23
[    0.000000] ACPI: INT_SRC_OVR (bus 0 bus_irq 0 global_irq 2 dfl dfl)
[    0.000000] ACPI: INT_SRC_OVR (bus 0 bus_irq 9 global_irq 9 low level)
[    0.000000] Using ACPI (MADT) for SMP configuration information
[    0.000000] smpboot: Allowing 1 CPUs, 0 hotplug CPUs
[    0.000000] PM: Registered nosave memory: [mem 0x00000000-0x00000fff]
[    0.000000] PM: Registered nosave memory: [mem 0x0009f000-0x0009ffff]
[    0.000000] PM: Registered nosave memory: [mem 0x000a0000-0x000effff]
[    0.000000] PM: Registered nosave memory: [mem 0x000f0000-0x000fffff]
[    0.000000] e820: [mem 0x40000000-0xfebfffff] available for PCI devices
[    0.000000] Booting paravirtualized kernel on KVM
[    0.000000] clocksource: refined-jiffies: mask: 0xffffffff max_cycles: 0xffffffff, max_idle_ns: 7645519600211568 ns
[    0.000000] setup_percpu: NR_CPUS:8192 nr_cpumask_bits:1 nr_cpu_ids:1 nr_node_ids:1
[    0.000000] percpu: Embedded 50 pages/cpu s167936 r8192 d28672 u2097152
[    0.000000] PV qspinlock hash table entries: 256 (order: 0, 4096 bytes)
[    0.000000] Built 1 zonelists, mobility grouping on.  Total pages: 257913
[    0.000000] Policy zone: DMA32
[    0.000000] Kernel command line: BOOT_IMAGE=/boot/vmlinuz-4.15.0-194-generic root=LABEL=cloudimg-rootfs ro console=tty1 console=ttyS0
[    0.000000] Memory: 982852K/1048120K available (12300K kernel code, 2477K rwdata, 4320K rodata, 2472K init, 2720K bss, 65268K reserved, 0K cma-reserved)
[    0.000000] SLUB: HWalign=64, Order=0-3, MinObjects=0, CPUs=1, Nodes=1
[    0.000000] ftrace: allocating 39477 entries in 155 pages
[    0.004000] Hierarchical RCU implementation.
[    0.004000] 	RCU restricting CPUs from NR_CPUS=8192 to nr_cpu_ids=1.
[    0.004000] 	Tasks RCU enabled.
[    0.004000] RCU: Adjusting geometry for rcu_fanout_leaf=16, nr_cpu_ids=1
[    0.004000] NR_IRQS: 524544, nr_irqs: 256, preallocated irqs: 16
[    0.004000] Console: colour VGA+ 80x25
[    0.004000] console [tty1] enabled
[    0.004000] console [ttyS0] enabled
[    0.004000] ACPI: Core revision 20170831
[    0.004000] ACPI: 2 ACPI AML tables successfully acquired and loaded
[    0.004000] APIC: Switch to symmetric I/O mode setup
[    0.008000] ..TIMER: vector=0x30 apic1=0 pin1=2 apic2=-1 pin2=-1
[    0.008000] tsc: Detected 2304.006 MHz processor
[    0.008000] Calibrating delay loop (skipped) preset value.. 4608.01 BogoMIPS (lpj=9216024)
[    0.008000] pid_max: default: 32768 minimum: 301
[    0.008000] Security Framework initialized
[    0.008000] Yama: becoming mindful.
[    0.008000] AppArmor: AppArmor initialized
[    0.008000] Dentry cache hash table entries: 131072 (order: 8, 1048576 bytes)
[    0.008000] Inode-cache hash table entries: 65536 (order: 7, 524288 bytes)
[    0.008000] Mount-cache hash table entries: 2048 (order: 2, 16384 bytes)
[    0.008000] Mountpoint-cache hash table entries: 2048 (order: 2, 16384 bytes)
[    0.009290] process: using mwait in idle threads
[    0.012034] Last level iTLB entries: 4KB 64, 2MB 8, 4MB 8
[    0.016000] Last level dTLB entries: 4KB 64, 2MB 0, 4MB 0, 1GB 4
[    0.016000] Spectre V1 : Mitigation: usercopy/swapgs barriers and __user pointer sanitization
[    0.016000] Spectre V2 : Mitigation: Enhanced IBRS
[    0.016000] Spectre V2 : Spectre v2 / SpectreRSB mitigation: Filling RSB on context switch
[    0.016000] Speculative Store Bypass: Vulnerable
[    0.016000] TAA: Mitigation: TSX disabled
[    0.016000] MMIO Stale Data: Vulnerable: Clear CPU buffers attempted, no microcode
[    0.016000] Freeing SMP alternatives memory: 36K
[    0.036000] smpboot: CPU0: Intel(R) Core(TM) i7-10610U CPU @ 1.80GHz (family: 0x6, model: 0x8e, stepping: 0xc)
[    0.036000] Performance Events: unsupported p6 CPU model 142 no PMU driver, software events only.
[    0.036000] Hierarchical SRCU implementation.
[    0.036000] NMI watchdog: Perf event create on CPU 0 failed with -2
[    0.036000] NMI watchdog: Perf NMI watchdog permanently disabled
[    0.036000] smp: Bringing up secondary CPUs ...
[    0.036000] smp: Brought up 1 node, 1 CPU
[    0.036000] smpboot: Max logical packages: 1
[    0.036000] smpboot: Total of 1 processors activated (4608.01 BogoMIPS)
[    0.036000] devtmpfs: initialized
[    0.036000] x86/mm: Memory block size: 128MB
[    0.036000] evm: security.selinux
[    0.036000] evm: security.SMACK64
[    0.036000] evm: security.SMACK64EXEC
[    0.036000] evm: security.SMACK64TRANSMUTE
[    0.036000] evm: security.SMACK64MMAP
[    0.036000] evm: security.apparmor
[    0.036000] evm: security.ima
[    0.036000] evm: security.capability
[    0.036000] clocksource: jiffies: mask: 0xffffffff max_cycles: 0xffffffff, max_idle_ns: 7645041785100000 ns
[    0.036000] futex hash table entries: 256 (order: 2, 16384 bytes)
[    0.036000] pinctrl core: initialized pinctrl subsystem
[    0.036000] RTC time: 20:06:18, date: 11/13/22
[    0.036000] NET: Registered protocol family 16
[    0.036000] audit: initializing netlink subsys (disabled)
[    0.036000] cpuidle: using governor ladder
[    0.036000] cpuidle: using governor menu
[    0.036000] ACPI: bus type PCI registered
[    0.036000] acpiphp: ACPI Hot Plug PCI Controller Driver version: 0.5
[    0.036000] PCI: Using configuration type 1 for base access
[    0.036508] audit: type=2000 audit(1668369983.109:1): state=initialized audit_enabled=0 res=1
[    0.040000] HugeTLB registered 2.00 MiB page size, pre-allocated 0 pages
[    0.040000] ACPI: Added _OSI(Module Device)
[    0.040000] ACPI: Added _OSI(Processor Device)
[    0.040000] ACPI: Added _OSI(3.0 _SCP Extensions)
[    0.040000] ACPI: Added _OSI(Processor Aggregator Device)
[    0.040000] ACPI: Added _OSI(Linux-Dell-Video)
[    0.040000] ACPI: Added _OSI(Linux-Lenovo-NV-HDMI-Audio)
[    0.040000] ACPI: Added _OSI(Linux-HPI-Hybrid-Graphics)
[    0.045835] ACPI: Executed 1 blocks of module-level executable AML code
[    0.054510] ACPI: Interpreter enabled
[    0.056000] ACPI: (supports S0 S5)
[    0.056000] ACPI: Using IOAPIC for interrupt routing
[    0.060424] PCI: Using host bridge windows from ACPI; if necessary, use "pci=nocrs" and report a bug
[    0.064000] ACPI: Enabled 2 GPEs in block 00 to 07
[    0.080096] ACPI: PCI Root Bridge [PCI0] (domain 0000 [bus 00-ff])
[    0.084000] acpi PNP0A03:00: _OSC: OS supports [ASPM ClockPM Segments MSI]
[    0.084909] acpi PNP0A03:00: _OSC: not requesting OS control; OS requires [ExtendedConfig ASPM ClockPM MSI]
[    0.088000] acpi PNP0A03:00: fail to add MMCONFIG information, can't access extended PCI configuration space under this bridge.
[    0.088930] PCI host bridge to bus 0000:00
[    0.092000] pci_bus 0000:00: root bus resource [io  0x0000-0x0cf7 window]
[    0.092000] pci_bus 0000:00: root bus resource [io  0x0d00-0xffff window]
[    0.092000] pci_bus 0000:00: root bus resource [mem 0x000a0000-0x000bffff window]
[    0.092000] pci_bus 0000:00: root bus resource [mem 0x40000000-0xfdffffff window]
[    0.092000] pci_bus 0000:00: root bus resource [bus 00-ff]
[    0.099225] pci 0000:00:01.1: legacy IDE quirk: reg 0x10: [io  0x01f0-0x01f7]
[    0.100000] pci 0000:00:01.1: legacy IDE quirk: reg 0x14: [io  0x03f6]
[    0.100000] pci 0000:00:01.1: legacy IDE quirk: reg 0x18: [io  0x0170-0x0177]
[    0.100000] pci 0000:00:01.1: legacy IDE quirk: reg 0x1c: [io  0x0376]
[    0.116000] pci 0000:00:07.0: quirk: [io  0x4000-0x403f] claimed by PIIX4 ACPI
[    0.116000] pci 0000:00:07.0: quirk: [io  0x4100-0x410f] claimed by PIIX4 SMB
[    0.129403] ACPI: PCI Interrupt Link [LNKA] (IRQs 5 9 10 *11)
[    0.136358] ACPI: PCI Interrupt Link [LNKB] (IRQs 5 9 *10 11)
[    0.140000] ACPI: PCI Interrupt Link [LNKC] (IRQs 5 *9 10 11)
[    0.140000] ACPI: PCI Interrupt Link [LNKD] (IRQs 5 9 10 *11)
[    0.140000] SCSI subsystem initialized
[    0.140000] pci 0000:00:02.0: vgaarb: setting as boot VGA device
[    0.140000] pci 0000:00:02.0: vgaarb: VGA device added: decodes=io+mem,owns=io+mem,locks=none
[    0.140000] pci 0000:00:02.0: vgaarb: bridge control possible
[    0.140000] vgaarb: loaded
[    0.140000] ACPI: bus type USB registered
[    0.140000] usbcore: registered new interface driver usbfs
[    0.140000] usbcore: registered new interface driver hub
[    0.140000] usbcore: registered new device driver usb
[    0.140000] EDAC MC: Ver: 3.0.0
[    0.140000] PCI: Using ACPI for IRQ routing
[    0.140284] NetLabel: Initializing
[    0.143605] NetLabel:  domain hash size = 128
[    0.144000] NetLabel:  protocols = UNLABELED CIPSOv4 CALIPSO
[    0.144000] NetLabel:  unlabeled traffic allowed by default
[    0.144015] clocksource: Switched to clocksource kvm-clock
[    0.175387] VFS: Disk quotas dquot_6.6.0
[    0.175387] VFS: Dquot-cache hash table entries: 512 (order 0, 4096 bytes)
[    0.175387] AppArmor: AppArmor Filesystem Enabled
[    0.175387] pnp: PnP ACPI init
[    0.201754] pnp: PnP ACPI: found 3 devices
[    0.212416] clocksource: acpi_pm: mask: 0xffffff max_cycles: 0xffffff, max_idle_ns: 2085701024 ns
[    0.216350] NET: Registered protocol family 2
[    0.216350] IP idents hash table entries: 16384 (order: 5, 131072 bytes)
[    0.216350] TCP established hash table entries: 8192 (order: 4, 65536 bytes)
[    0.216350] TCP bind hash table entries: 8192 (order: 5, 131072 bytes)
[    0.216350] TCP: Hash tables configured (established 8192 bind 8192)
[    0.216350] UDP hash table entries: 512 (order: 2, 16384 bytes)
[    0.216350] UDP-Lite hash table entries: 512 (order: 2, 16384 bytes)
[    0.216350] NET: Registered protocol family 1
[    0.216350] pci 0000:00:00.0: Limiting direct PCI/PCI transfers
[    0.216350] pci 0000:00:01.0: Activating ISA DMA hang workarounds
[    0.216350] pci 0000:00:02.0: Video device with shadowed ROM at [mem 0x000c0000-0x000dffff]
[    0.216350] Unpacking initramfs...
[    0.845214] Freeing initrd memory: 19528K
[    0.849401] clocksource: tsc: mask: 0xffffffffffffffff max_cycles: 0x2135fd711f6, max_idle_ns: 440795262176 ns
[    0.853302] platform rtc_cmos: registered platform RTC device (no PNP device found)
[    0.853302] Scanning for low memory corruption every 60 seconds
[    0.853302] Initialise system trusted keyrings
[    0.853302] Key type blacklist registered
[    0.853302] workingset: timestamp_bits=36 max_order=18 bucket_order=0
[    0.890110] zbud: loaded
[    0.891308] squashfs: version 4.0 (2009/01/31) Phillip Lougher
[    0.891308] fuse init (API version 7.26)
[    0.891308] Key type asymmetric registered
[    0.891308] Asymmetric key parser 'x509' registered
[    0.891308] Block layer SCSI generic (bsg) driver version 0.4 loaded (major 246)
[    0.891308] io scheduler noop registered
[    0.891308] io scheduler deadline registered
[    0.891308] io scheduler cfq registered (default)
[    0.936572] ACPI: AC Adapter [AC] (on-line)
[    0.940380] input: Power Button as /devices/LNXSYSTM:00/LNXPWRBN:00/input/input0
[    0.940380] ACPI: Power Button [PWRF]
[    0.952876] input: Sleep Button as /devices/LNXSYSTM:00/LNXSLPBN:00/input/input1
[    0.956629] ACPI: Sleep Button [SLPF]
[    0.965946] ACPI: Battery Slot [BAT0] (battery present)
[    0.968358] Serial: 8250/16550 driver, 32 ports, IRQ sharing enabled
[    1.009045] 00:02: ttyS0 at I/O 0x3f8 (irq = 4, base_baud = 115200) is a 16550A
[    1.012086] Linux agpgart interface v0.103
[    1.027326] loop: module loaded
[    1.033185] scsi host0: ata_piix
[    1.035469] scsi host1: ata_piix
[    1.035469] ata1: PATA max UDMA/33 cmd 0x1f0 ctl 0x3f6 bmdma 0xd000 irq 14
[    1.035469] ata2: PATA max UDMA/33 cmd 0x170 ctl 0x376 bmdma 0xd008 irq 15
[    1.035469] tun: Universal TUN/TAP device driver, 1.6
[    1.061522] PPP generic driver version 2.4.2
[    1.064897] ehci_hcd: USB 2.0 'Enhanced' Host Controller (EHCI) Driver
[    1.064897] ehci-pci: EHCI PCI platform driver
[    1.064897] ehci-platform: EHCI generic platform driver
[    1.064897] ohci_hcd: USB 1.1 'Open' Host Controller (OHCI) Driver
[    1.064897] ohci-pci: OHCI PCI platform driver
[    1.064897] ohci-platform: OHCI generic platform driver
[    1.064897] uhci_hcd: USB Universal Host Controller Interface driver
[    1.064897] i8042: PNP: PS/2 Controller [PNP0303:PS2K,PNP0f03:PS2M] at 0x60,0x64 irq 1,12
[    1.116222] serio: i8042 KBD port at 0x60,0x64 irq 1
[    1.117896] serio: i8042 AUX port at 0x60,0x64 irq 12
[    1.117896] mousedev: PS/2 mouse device common for all mice
[    1.129066] rtc_cmos rtc_cmos: rtc core: registered rtc_cmos as rtc0
[    1.132104] rtc_cmos rtc_cmos: alarms up to one day, 114 bytes nvram
[    1.132104] i2c /dev entries driver
[    1.132104] device-mapper: uevent: version 1.0.3
[    1.132104] device-mapper: ioctl: 4.37.0-ioctl (2017-09-20) initialised: dm-devel@redhat.com
[    1.132104] ledtrig-cpu: registered to indicate activity on CPUs
[    1.164282] intel_pmc_core:  initialized
[    1.168217] NET: Registered protocol family 10
[    1.176325] input: AT Translated Set 2 keyboard as /devices/platform/i8042/serio0/input/input2
[    1.189005] Segment Routing with IPv6
[    1.191922] NET: Registered protocol family 17
[    1.192182] Key type dns_resolver registered
[    1.200632] mce: Using 0 MCE banks
[    1.203995] RAS: Correctable Errors collector initialized.
[    1.204520] sched_clock: Marking stable (1200520733, 0)->(2659881269, -1459360536)
[    1.217584] registered taskstats version 1
[    1.222107] Loading compiled-in X.509 certificates
[    1.260120] Loaded X.509 cert 'Build time autogenerated kernel key: 6303a3b02fa1c7713b8a75ba7ba622fabd5dd271'
[    1.271271] Loaded X.509 cert 'Canonical Ltd. Live Patch Signing: 14df34d1a87cf37625abec039ef2bf521249b969'
[    1.315758] Loaded X.509 cert 'Canonical Ltd. Kernel Module Signing: 88f752e560a1e0737e31163a466ad7b70a850c19'
[    1.326768] blacklist: Loading compiled-in revocation X.509 certificates
[    1.334231] Loaded X.509 cert 'Canonical Ltd. Secure Boot Signing: 61482aa2830d0ab2ad5af10b7250da9033ddcef0'
[    1.344913] zswap: loaded using pool lzo/zbud
[    1.352391] Key type big_key registered
[    1.355971] Key type trusted registered
[    1.361977] Key type encrypted registered
[    1.365761] AppArmor: AppArmor sha1 policy hashing enabled
[    1.370910] ima: No TPM chip found, activating TPM-bypass! (rc=-19)
[    1.376940] ima: Allocated hash algorithm: sha1
[    1.382033] evm: HMAC attrs: 0x1
[    1.386300]   Magic number: 14:195:144
[    1.390175] ata_port ata1: hash matches
[    1.394135]  ata1: hash matches
[    1.397947] rtc_cmos rtc_cmos: setting system clock to 2022-11-13 20:06:20 UTC (1668369980)
[    1.407002] BIOS EDD facility v0.16 2004-Jun-25, 0 devices found
[    1.413234] EDD information not available.
[    1.422862] Freeing unused kernel image memory: 2472K
[    1.428218] invalid opcode: 0000 [#1] SMP NOPTI
[    1.433169] Modules linked in:
[    1.436051] CPU: 0 PID: 0 Comm: swapper/0 Not tainted 4.15.0-194-generic #205-Ubuntu
[    1.443478] Hardware name: innotek GmbH VirtualBox/VirtualBox, BIOS VirtualBox 12/01/2006
[    1.451508] RIP: 0010:mwait_idle+0x7c/0x190
[    1.455975] RSP: 0018:ffffffffa6a03e38 EFLAGS: 00010046
[    1.461263] RAX: ffffffffa6a13480 RBX: 0000000000000000 RCX: 0000000000000000
[    1.468705] RDX: 0000000000000000 RSI: 0000000000000000 RDI: 0000000000000000
[    1.475589] RBP: ffffffffa6a03e50 R08: 0000000000000002 R09: ffffffffa6a03de8
[    1.482434] R10: 00000000890197aa R11: 00000000a133397f R12: 0000000000000000
[    1.488987] R13: 0000000000000000 R14: 0000000000000000 R15: 0000000000000000
[    1.494489] FS:  0000000000000000(0000) GS:ffff8d663fc00000(0000) knlGS:0000000000000000
[    1.500360] CS:  0010 DS: 0000 ES: 0000 CR0: 0000000080050033
[    1.504093] CR2: 00007f367f0bac53 CR3: 000000003e00a003 CR4: 00000000000206f0
[    1.509002] Call Trace:
[    1.510856]  arch_cpu_idle+0x15/0x20
[    1.514189]  default_idle_call+0x23/0x30
[    1.517904]  do_idle+0x172/0x1f0
[    1.521240]  cpu_startup_entry+0x73/0x80
[    1.524953]  rest_init+0xae/0xb0
[    1.528364]  start_kernel+0x4c9/0x4ed
[    1.532230]  x86_64_start_reservations+0x24/0x26
[    1.536489]  x86_64_start_kernel+0x8e/0x91
[    1.540049]  secondary_startup_64+0xa5/0xb0
[    1.543774] Code: 27 67 04 5a 48 0f ba e0 27 73 12 0f ae f0 65 48 8b 04 25 40 ac 01 00 0f ae 38 0f ae f0 31 d2 65 48 8b 04 25 40 ac 01 00 48 89 d1 <0f> 01 c8 48 8b 00 a8 08 0f 85 e3 00 00 00 0f 1f 44 00 00 0f 00 
[    1.561885] RIP: mwait_idle+0x7c/0x190 RSP: ffffffffa6a03e38
[    1.567916] ---[ end trace f189189cc1c85ad2 ]---
[    1.573110] Kernel panic - not syncing: Attempted to kill the idle task!
[    1.580905] Kernel Offset: 0x24600000 from 0xffffffff81000000 (relocation range: 0xffffffff80000000-0xffffffffbfffffff)
[    1.591841] ---[ end Kernel panic - not syncing: Attempted to kill the idle task!
