[    0.000000] Linux version 4.15.0-196-generic (buildd@lcy02-amd64-018) (gcc version 7.5.0 (Ubuntu 7.5.0-3ubuntu1~18.04)) #207-Ubuntu SMP Thu Oct 27 21:24:58 UTC 2022 (Ubuntu 4.15.0-196.207-generic 4.15.18)
[    0.000000] Command line: BOOT_IMAGE=/boot/vmlinuz-4.15.0-196-generic root=LABEL=cloudimg-rootfs ro console=tty1 console=ttyS0
[    0.000000] KERNEL supported cpus:
[    0.000000]   Intel GenuineIntel
[    0.000000]   AMD AuthenticAMD
[    0.000000]   Centaur CentaurHauls
[    0.000000] x86/fpu: x87 FPU will use FXSAVE
[    0.000000] e820: BIOS-provided physical RAM map:
[    0.000000] BIOS-e820: [mem 0x0000000000000000-0x000000000009fbff] usable
[    0.000000] BIOS-e820: [mem 0x000000000009fc00-0x000000000009ffff] reserved
[    0.000000] BIOS-e820: [mem 0x00000000000f0000-0x00000000000fffff] reserved
[    0.000000] BIOS-e820: [mem 0x0000000000100000-0x000000003ffeffff] usable
[    0.000000] BIOS-e820: [mem 0x000000003fff0000-0x000000003fffffff] ACPI data
[    0.000000] BIOS-e820: [mem 0x00000000fec00000-0x00000000fec00fff] reserved
[    0.000000] BIOS-e820: [mem 0x00000000fee00000-0x00000000fee00fff] reserved
[    0.000000] BIOS-e820: [mem 0x00000000fffc0000-0x00000000ffffffff] reserved
[    0.000000] NX (Execute Disable) protection: active
[    0.000000] SMBIOS 2.5 present.
[    0.000000] DMI: innotek GmbH VirtualBox/VirtualBox, BIOS VirtualBox 12/01/2006
[    0.000000] Hypervisor detected: KVM
[    0.000000] e820: last_pfn = 0x3fff0 max_arch_pfn = 0x400000000
[    0.000000] MTRR: Disabled
[    0.000000] x86/PAT: MTRRs disabled, skipping PAT initialization too.
[    0.000000] CPU MTRRs all blank - virtualized system.
[    0.000000] x86/PAT: Configuration [0-7]: WB  WT  UC- UC  WB  WT  UC- UC  
[    0.000000] found SMP MP-table at [mem 0x0009fff0-0x0009ffff]
[    0.000000] Scanning 1 areas for low memory corruption
[    0.000000] RAMDISK: [mem 0x359cb000-0x36cdcfff]
[    0.000000] ACPI: Early table checksum verification disabled
[    0.000000] ACPI: RSDP 0x00000000000E0000 000024 (v02 VBOX  )
[    0.000000] ACPI: XSDT 0x000000003FFF0030 00003C (v01 VBOX   VBOXXSDT 00000001 ASL  00000061)
[    0.000000] ACPI: FACP 0x000000003FFF00F0 0000F4 (v04 VBOX   VBOXFACP 00000001 ASL  00000061)
[    0.000000] ACPI: DSDT 0x000000003FFF0610 002353 (v02 VBOX   VBOXBIOS 00000002 INTL 20100528)
[    0.000000] ACPI: FACS 0x000000003FFF0200 000040
[    0.000000] ACPI: FACS 0x000000003FFF0200 000040
[    0.000000] ACPI: APIC 0x000000003FFF0240 00005C (v02 VBOX   VBOXAPIC 00000001 ASL  00000061)
[    0.000000] ACPI: SSDT 0x000000003FFF02A0 00036C (v01 VBOX   VBOXCPUT 00000002 INTL 20100528)
[    0.000000] ACPI: Reserving FACP table memory at [mem 0x3fff00f0-0x3fff01e3]
[    0.000000] ACPI: Reserving DSDT table memory at [mem 0x3fff0610-0x3fff2962]
[    0.000000] ACPI: Reserving FACS table memory at [mem 0x3fff0200-0x3fff023f]
[    0.000000] ACPI: Reserving FACS table memory at [mem 0x3fff0200-0x3fff023f]
[    0.000000] ACPI: Reserving APIC table memory at [mem 0x3fff0240-0x3fff029b]
[    0.000000] ACPI: Reserving SSDT table memory at [mem 0x3fff02a0-0x3fff060b]
[    0.000000] No NUMA configuration found
[    0.000000] Faking a node at [mem 0x0000000000000000-0x000000003ffeffff]
[    0.000000] NODE_DATA(0) allocated [mem 0x3ffc5000-0x3ffeffff]
[    0.000000] kvm-clock: cpu 0, msr 0:3ff44001, primary cpu clock
[    0.000000] kvm-clock: Using msrs 4b564d01 and 4b564d00
[    0.000000] kvm-clock: using sched offset of 4499709765 cycles
[    0.000000] clocksource: kvm-clock: mask: 0xffffffffffffffff max_cycles: 0x1cd42e4dffb, max_idle_ns: 881590591483 ns
[    0.000000] Zone ranges:
[    0.000000]   DMA      [mem 0x0000000000001000-0x0000000000ffffff]
[    0.000000]   DMA32    [mem 0x0000000001000000-0x000000003ffeffff]
[    0.000000]   Normal   empty
[    0.000000]   Device   empty
[    0.000000] Movable zone start for each node
[    0.000000] Early memory node ranges
[    0.000000]   node   0: [mem 0x0000000000001000-0x000000000009efff]
[    0.000000]   node   0: [mem 0x0000000000100000-0x000000003ffeffff]
[    0.000000] Reserved but unavailable: 104 pages
[    0.000000] Initmem setup node 0 [mem 0x0000000000001000-0x000000003ffeffff]
[    0.000000] ACPI: PM-Timer IO Port: 0x4008
[    0.000000] IOAPIC[0]: apic_id 2, version 32, address 0xfec00000, GSI 0-23
[    0.000000] ACPI: INT_SRC_OVR (bus 0 bus_irq 0 global_irq 2 dfl dfl)
[    0.000000] ACPI: INT_SRC_OVR (bus 0 bus_irq 9 global_irq 9 low level)
[    0.000000] Using ACPI (MADT) for SMP configuration information
[    0.000000] smpboot: Allowing 2 CPUs, 0 hotplug CPUs
[    0.000000] PM: Registered nosave memory: [mem 0x00000000-0x00000fff]
[    0.000000] PM: Registered nosave memory: [mem 0x0009f000-0x0009ffff]
[    0.000000] PM: Registered nosave memory: [mem 0x000a0000-0x000effff]
[    0.000000] PM: Registered nosave memory: [mem 0x000f0000-0x000fffff]
[    0.000000] e820: [mem 0x40000000-0xfebfffff] available for PCI devices
[    0.000000] Booting paravirtualized kernel on KVM
[    0.000000] clocksource: refined-jiffies: mask: 0xffffffff max_cycles: 0xffffffff, max_idle_ns: 7645519600211568 ns
[    0.000000] setup_percpu: NR_CPUS:8192 nr_cpumask_bits:2 nr_cpu_ids:2 nr_node_ids:1
[    0.000000] percpu: Embedded 50 pages/cpu s167936 r8192 d28672 u1048576
[    0.000000] PV qspinlock hash table entries: 256 (order: 0, 4096 bytes)
[    0.000000] Built 1 zonelists, mobility grouping on.  Total pages: 257913
[    0.000000] Policy zone: DMA32
[    0.000000] Kernel command line: BOOT_IMAGE=/boot/vmlinuz-4.15.0-196-generic root=LABEL=cloudimg-rootfs ro console=tty1 console=ttyS0
[    0.000000] Memory: 982652K/1048120K available (12300K kernel code, 2477K rwdata, 4320K rodata, 2472K init, 2720K bss, 65468K reserved, 0K cma-reserved)
[    0.000000] SLUB: HWalign=64, Order=0-3, MinObjects=0, CPUs=2, Nodes=1
[    0.000000] ftrace: allocating 39477 entries in 155 pages
[    0.004000] Hierarchical RCU implementation.
[    0.004000] 	RCU restricting CPUs from NR_CPUS=8192 to nr_cpu_ids=2.
[    0.004000] 	Tasks RCU enabled.
[    0.004000] RCU: Adjusting geometry for rcu_fanout_leaf=16, nr_cpu_ids=2
[    0.004000] NR_IRQS: 524544, nr_irqs: 440, preallocated irqs: 16
[    0.004000] random: crng init done
[    0.004000] Console: colour VGA+ 80x25
[    0.004000] console [tty1] enabled
[    0.004000] console [ttyS0] enabled
[    0.004000] ACPI: Core revision 20170831
[    0.004000] ACPI: 2 ACPI AML tables successfully acquired and loaded
[    0.004000] APIC: Switch to symmetric I/O mode setup
[    0.004000] ..TIMER: vector=0x30 apic1=0 pin1=2 apic2=-1 pin2=-1
[    0.004000] tsc: Detected 2304.008 MHz processor
[    0.004000] Calibrating delay loop (skipped) preset value.. 4608.01 BogoMIPS (lpj=9216032)
[    0.004009] pid_max: default: 32768 minimum: 301
[    0.008100] Security Framework initialized
[    0.012007] Yama: becoming mindful.
[    0.016187] AppArmor: AppArmor initialized
[    0.030161] Dentry cache hash table entries: 131072 (order: 8, 1048576 bytes)
[    0.037909] Inode-cache hash table entries: 65536 (order: 7, 524288 bytes)
[    0.040134] Mount-cache hash table entries: 2048 (order: 2, 16384 bytes)
[    0.044098] Mountpoint-cache hash table entries: 2048 (order: 2, 16384 bytes)
[    0.052343] Last level iTLB entries: 4KB 64, 2MB 8, 4MB 8
[    0.056005] Last level dTLB entries: 4KB 64, 2MB 0, 4MB 0, 1GB 4
[    0.060013] Spectre V1 : Mitigation: usercopy/swapgs barriers and __user pointer sanitization
[    0.064008] Spectre V2 : Mitigation: Enhanced IBRS
[    0.068006] Spectre V2 : Spectre v2 / SpectreRSB mitigation: Filling RSB on context switch
[    0.076005] Speculative Store Bypass: Vulnerable
[    0.080072] TAA: Mitigation: TSX disabled
[    0.084004] MMIO Stale Data: Vulnerable: Clear CPU buffers attempted, no microcode
[    0.088008] SRBDS: Unknown: Dependent on hypervisor status
[    0.092208] Freeing SMP alternatives memory: 36K
[    0.212467] smpboot: CPU0: Intel(R) Core(TM) i7-10610U CPU @ 1.80GHz (family: 0x6, model: 0x8e, stepping: 0xc)
[    0.216674] Performance Events: unsupported p6 CPU model 142 no PMU driver, software events only.
[    0.220155] Hierarchical SRCU implementation.
[    0.228662] NMI watchdog: Perf event create on CPU 0 failed with -2
[    0.232007] NMI watchdog: Perf NMI watchdog permanently disabled
[    0.236359] smp: Bringing up secondary CPUs ...
[    0.241059] x86: Booting SMP configuration:
[    0.244110] .... node  #0, CPUs:      #1
[    0.004000] kvm-clock: cpu 1, msr 0:3ff44041, secondary cpu clock
[    0.262239] smp: Brought up 1 node, 2 CPUs
[    0.264009] smpboot: Max logical packages: 1
[    0.268006] smpboot: Total of 2 processors activated (9216.03 BogoMIPS)
[    0.272656] devtmpfs: initialized
[    0.276143] x86/mm: Memory block size: 128MB
[    0.280506] evm: security.selinux
[    0.288005] evm: security.SMACK64
[    0.291989] evm: security.SMACK64EXEC
[    0.292003] evm: security.SMACK64TRANSMUTE
[    0.296003] evm: security.SMACK64MMAP
[    0.300004] evm: security.apparmor
[    0.304003] evm: security.ima
[    0.308007] evm: security.capability
[    0.312340] clocksource: jiffies: mask: 0xffffffff max_cycles: 0xffffffff, max_idle_ns: 7645041785100000 ns
[    0.324015] futex hash table entries: 512 (order: 3, 32768 bytes)
[    0.332264] pinctrl core: initialized pinctrl subsystem
[    0.340494] RTC time:  0:26:16, date: 11/16/22
[    0.345621] NET: Registered protocol family 16
[    0.352220] audit: initializing netlink subsys (disabled)
[    0.360265] audit: type=2000 audit(1668558381.964:1): state=initialized audit_enabled=0 res=1
[    0.364167] cpuidle: using governor ladder
[    0.372012] cpuidle: using governor menu
[    0.376066] ACPI: bus type PCI registered
[    0.380005] acpiphp: ACPI Hot Plug PCI Controller Driver version: 0.5
[    0.388117] PCI: Using configuration type 1 for base access
[    0.400446] HugeTLB registered 2.00 MiB page size, pre-allocated 0 pages
[    0.412467] ACPI: Added _OSI(Module Device)
[    0.416006] ACPI: Added _OSI(Processor Device)
[    0.424004] ACPI: Added _OSI(3.0 _SCP Extensions)
[    0.428009] ACPI: Added _OSI(Processor Aggregator Device)
[    0.436009] ACPI: Added _OSI(Linux-Dell-Video)
[    0.444009] ACPI: Added _OSI(Linux-Lenovo-NV-HDMI-Audio)
[    0.452006] ACPI: Added _OSI(Linux-HPI-Hybrid-Graphics)
[    0.460377] ACPI: Executed 1 blocks of module-level executable AML code
[    0.477793] ACPI: Interpreter enabled
[    0.488037] ACPI: (supports S0 S5)
[    0.492007] ACPI: Using IOAPIC for interrupt routing
[    0.500725] PCI: Using host bridge windows from ACPI; if necessary, use "pci=nocrs" and report a bug
[    0.516483] ACPI: Enabled 2 GPEs in block 00 to 07
[    0.538772] ACPI: PCI Root Bridge [PCI0] (domain 0000 [bus 00-ff])
[    0.548024] acpi PNP0A03:00: _OSC: OS supports [ASPM ClockPM Segments MSI]
[    0.557125] acpi PNP0A03:00: _OSC: not requesting OS control; OS requires [ExtendedConfig ASPM ClockPM MSI]
[    0.568024] acpi PNP0A03:00: fail to add MMCONFIG information, can't access extended PCI configuration space under this bridge.
[    0.585115] PCI host bridge to bus 0000:00
[    0.588006] pci_bus 0000:00: root bus resource [io  0x0000-0x0cf7 window]
[    0.596010] pci_bus 0000:00: root bus resource [io  0x0d00-0xffff window]
[    0.604008] pci_bus 0000:00: root bus resource [mem 0x000a0000-0x000bffff window]
[    0.616009] pci_bus 0000:00: root bus resource [mem 0x40000000-0xfdffffff window]
[    0.624018] pci_bus 0000:00: root bus resource [bus 00-ff]
[    0.637159] pci 0000:00:01.1: legacy IDE quirk: reg 0x10: [io  0x01f0-0x01f7]
[    0.648006] pci 0000:00:01.1: legacy IDE quirk: reg 0x14: [io  0x03f6]
[    0.656006] pci 0000:00:01.1: legacy IDE quirk: reg 0x18: [io  0x0170-0x0177]
[    0.664007] pci 0000:00:01.1: legacy IDE quirk: reg 0x1c: [io  0x0376]
[    0.699081] pci 0000:00:07.0: quirk: [io  0x4000-0x403f] claimed by PIIX4 ACPI
[    0.708069] pci 0000:00:07.0: quirk: [io  0x4100-0x410f] claimed by PIIX4 SMB
[    0.732400] ACPI: PCI Interrupt Link [LNKA] (IRQs 5 9 10 *11)
[    0.740386] ACPI: PCI Interrupt Link [LNKB] (IRQs 5 9 *10 11)
[    0.748281] ACPI: PCI Interrupt Link [LNKC] (IRQs 5 *9 10 11)
[    0.756331] ACPI: PCI Interrupt Link [LNKD] (IRQs 5 9 10 *11)
[    0.760782] SCSI subsystem initialized
[    0.768271] pci 0000:00:02.0: vgaarb: setting as boot VGA device
[    0.772000] pci 0000:00:02.0: vgaarb: VGA device added: decodes=io+mem,owns=io+mem,locks=none
[    0.784008] pci 0000:00:02.0: vgaarb: bridge control possible
[    0.792004] vgaarb: loaded
[    0.796130] ACPI: bus type USB registered
[    0.800024] usbcore: registered new interface driver usbfs
[    0.808074] usbcore: registered new interface driver hub
[    0.816054] usbcore: registered new device driver usb
[    0.824207] EDAC MC: Ver: 3.0.0
[    0.829383] PCI: Using ACPI for IRQ routing
[    0.837060] NetLabel: Initializing
[    0.840012] NetLabel:  domain hash size = 128
[    0.844003] NetLabel:  protocols = UNLABELED CIPSOv4 CALIPSO
[    0.852026] NetLabel:  unlabeled traffic allowed by default
[    0.860294] clocksource: Switched to clocksource kvm-clock
[    0.916078] VFS: Disk quotas dquot_6.6.0
[    0.924209] VFS: Dquot-cache hash table entries: 512 (order 0, 4096 bytes)
[    0.932709] AppArmor: AppArmor Filesystem Enabled
[    0.938227] pnp: PnP ACPI init
[    0.944836] pnp: PnP ACPI: found 3 devices
[    0.958218] clocksource: acpi_pm: mask: 0xffffff max_cycles: 0xffffff, max_idle_ns: 2085701024 ns
[    0.967523] NET: Registered protocol family 2
[    0.973444] IP idents hash table entries: 16384 (order: 5, 131072 bytes)
[    0.981758] TCP established hash table entries: 8192 (order: 4, 65536 bytes)
[    0.990386] TCP bind hash table entries: 8192 (order: 5, 131072 bytes)
[    0.999163] TCP: Hash tables configured (established 8192 bind 8192)
[    1.007874] UDP hash table entries: 512 (order: 2, 16384 bytes)
[    1.015197] UDP-Lite hash table entries: 512 (order: 2, 16384 bytes)
[    1.022619] NET: Registered protocol family 1
[    1.028018] pci 0000:00:00.0: Limiting direct PCI/PCI transfers
[    1.034594] pci 0000:00:01.0: Activating ISA DMA hang workarounds
[    1.042273] pci 0000:00:02.0: Video device with shadowed ROM at [mem 0x000c0000-0x000dffff]
[    1.053783] Unpacking initramfs...
[    1.800003] Freeing initrd memory: 19528K
[    1.805746] clocksource: tsc: mask: 0xffffffffffffffff max_cycles: 0x2135ff989ae, max_idle_ns: 440795290363 ns
[    1.818142] platform rtc_cmos: registered platform RTC device (no PNP device found)
[    1.829649] Scanning for low memory corruption every 60 seconds
[    1.839773] Initialise system trusted keyrings
[    1.844984] Key type blacklist registered
[    1.850522] workingset: timestamp_bits=36 max_order=18 bucket_order=0
[    1.861366] zbud: loaded
[    1.866656] squashfs: version 4.0 (2009/01/31) Phillip Lougher
[    1.875081] fuse init (API version 7.26)
[    1.917916] Key type asymmetric registered
[    1.922878] Asymmetric key parser 'x509' registered
[    1.928400] Block layer SCSI generic (bsg) driver version 0.4 loaded (major 246)
[    1.936872] io scheduler noop registered
[    1.941601] io scheduler deadline registered
[    1.946919] io scheduler cfq registered (default)
[    1.953185] ACPI: AC Adapter [AC] (on-line)
[    1.957959] input: Power Button as /devices/LNXSYSTM:00/LNXPWRBN:00/input/input0
[    1.966944] ACPI: Power Button [PWRF]
[    1.973084] input: Sleep Button as /devices/LNXSYSTM:00/LNXSLPBN:00/input/input1
[    1.983531] ACPI: Sleep Button [SLPF]
[    1.992746] Serial: 8250/16550 driver, 32 ports, IRQ sharing enabled
[    1.993645] ACPI: Battery Slot [BAT0] (battery present)
[    2.041567] 00:02: ttyS0 at I/O 0x3f8 (irq = 4, base_baud = 115200) is a 16550A
[    2.052544] Linux agpgart interface v0.103
[    2.063451] loop: module loaded
[    2.074771] scsi host0: ata_piix
[    2.082408] scsi host1: ata_piix
[    2.088207] ata1: PATA max UDMA/33 cmd 0x1f0 ctl 0x3f6 bmdma 0xd000 irq 14
[    2.098800] ata2: PATA max UDMA/33 cmd 0x170 ctl 0x376 bmdma 0xd008 irq 15
[    2.109841] tun: Universal TUN/TAP device driver, 1.6
[    2.117920] PPP generic driver version 2.4.2
[    2.125377] ehci_hcd: USB 2.0 'Enhanced' Host Controller (EHCI) Driver
[    2.136269] ehci-pci: EHCI PCI platform driver
[    2.144227] ehci-platform: EHCI generic platform driver
[    2.152850] ohci_hcd: USB 1.1 'Open' Host Controller (OHCI) Driver
[    2.162741] ohci-pci: OHCI PCI platform driver
[    2.168743] ohci-platform: OHCI generic platform driver
[    2.176514] uhci_hcd: USB Universal Host Controller Interface driver
[    2.184319] i8042: PNP: PS/2 Controller [PNP0303:PS2K,PNP0f03:PS2M] at 0x60,0x64 irq 1,12
[    2.199787] serio: i8042 KBD port at 0x60,0x64 irq 1
[    2.207184] serio: i8042 AUX port at 0x60,0x64 irq 12
[    2.214170] mousedev: PS/2 mouse device common for all mice
[    2.225867] input: AT Translated Set 2 keyboard as /devices/platform/i8042/serio0/input/input2
[    2.226382] rtc_cmos rtc_cmos: rtc core: registered rtc_cmos as rtc0
[    2.248985] rtc_cmos rtc_cmos: alarms up to one day, 114 bytes nvram
[    2.256800] i2c /dev entries driver
[    2.261350] device-mapper: uevent: version 1.0.3
[    2.267091] device-mapper: ioctl: 4.37.0-ioctl (2017-09-20) initialised: dm-devel@redhat.com
[    2.340964] ledtrig-cpu: registered to indicate activity on CPUs
[    2.352405] NET: Registered protocol family 10
[    2.377628] Segment Routing with IPv6
[    2.383828] NET: Registered protocol family 17
[    2.391297] Key type dns_resolver registered
[    2.398334] mce: Using 0 MCE banks
[    2.403088] RAS: Correctable Errors collector initialized.
[    2.410364] sched_clock: Marking stable (2410284337, 0)->(3456310607, -1046026270)
[    2.424340] registered taskstats version 1
[    2.430262] Loading compiled-in X.509 certificates
[    2.443559] Loaded X.509 cert 'Build time autogenerated kernel key: 70689ee33cf4f642c5ae41aad47e12600d9dde30'
[    2.456337] Loaded X.509 cert 'Canonical Ltd. Live Patch Signing: 14df34d1a87cf37625abec039ef2bf521249b969'
[    2.470429] Loaded X.509 cert 'Canonical Ltd. Kernel Module Signing: 88f752e560a1e0737e31163a466ad7b70a850c19'
[    2.483289] blacklist: Loading compiled-in revocation X.509 certificates
[    2.492345] Loaded X.509 cert 'Canonical Ltd. Secure Boot Signing: 61482aa2830d0ab2ad5af10b7250da9033ddcef0'
[    2.506393] zswap: loaded using pool lzo/zbud
[    2.529499] Key type big_key registered
[    2.535511] Key type trusted registered
[    2.552602] Key type encrypted registered
[    2.558491] AppArmor: AppArmor sha1 policy hashing enabled
[    2.565340] ima: No TPM chip found, activating TPM-bypass! (rc=-19)
[    2.573140] ima: Allocated hash algorithm: sha1
[    2.578866] evm: HMAC attrs: 0x1
[    2.583753]   Magic number: 14:603:405
[    2.589620] rtc_cmos rtc_cmos: setting system clock to 2022-11-16 00:26:19 UTC (1668558379)
[    2.600675] BIOS EDD facility v0.16 2004-Jun-25, 0 devices found
[    2.608915] EDD information not available.
[    2.618904] Freeing unused kernel image memory: 2472K
[    2.640590] Write protecting the kernel read-only data: 20480k
[    2.649419] Freeing unused kernel image memory: 2008K
[    2.656592] Freeing unused kernel image memory: 1824K
[    2.675063] x86/mm: Checked W+X mappings: passed, no W+X pages found.
Loading, please wait...
starting version 237
[    2.894066] Fusion MPT base driver 3.04.20
[    2.900530] Copyright (c) 1999-2008 LSI Corporation
[    2.902060] e1000: Intel(R) PRO/1000 Network Driver - version 7.3.21-k8-NAPI
[    2.917935] e1000: Copyright (c) 1999-2006 Intel Corporation.
[    3.000852] SSE version of gcm_enc/dec engaged.
[    3.017100] Fusion MPT SPI Host driver 3.04.20
[    3.241075] input: ImExPS/2 Generic Explorer Mouse as /devices/platform/i8042/serio1/input/input4
[    3.918982] e1000 0000:00:03.0 eth0: (PCI:33MHz:32-bit) 02:4e:99:64:d2:eb
[    3.928535] e1000 0000:00:03.0 eth0: Intel(R) PRO/1000 Network Connection
[    3.941577] mptbase: ioc0: Initiating bringup
[    4.063073] ioc0: LSI53C1030 A0: Capabilities={Initiator}
[    4.323362] scsi host2: ioc0: LSI53C1030 A0, FwRev=00000000h, Ports=1, MaxQ=256, IRQ=20
[    4.501247] scsi 2:0:0:0: Direct-Access     VBOX     HARDDISK         1.0  PQ: 0 ANSI: 5
[    5.065497] scsi target2:0:0: Beginning Domain Validation
[    5.085088] scsi target2:0:0: Domain Validation skipping write tests
[    5.095159] scsi target2:0:0: Ending Domain Validation
[    5.102987] scsi target2:0:0: asynchronous
[    5.118332] scsi 2:0:1:0: Direct-Access     VBOX     HARDDISK         1.0  PQ: 0 ANSI: 5
[    5.489277] scsi target2:0:1: Beginning Domain Validation
[    5.522729] scsi target2:0:1: Domain Validation skipping write tests
[    5.531114] scsi target2:0:1: Ending Domain Validation
[    5.538707] scsi target2:0:1: asynchronous
[    5.564915] sd 2:0:0:0: Attached scsi generic sg0 type 0
[    5.566067] sd 2:0:0:0: [sda] 83886080 512-byte logical blocks: (42.9 GB/40.0 GiB)
[    5.582106] sd 2:0:0:0: [sda] Write Protect is off
[    5.589306] sd 2:0:1:0: Attached scsi generic sg1 type 0
[    5.597946] sd 2:0:0:0: [sda] Incomplete mode parameter data
[    5.605953] sd 2:0:0:0: [sda] Assuming drive cache: write through
[    5.614194] sd 2:0:1:0: [sdb] 20480 512-byte logical blocks: (10.5 MB/10.0 MiB)
[    5.625182] sd 2:0:1:0: [sdb] Write Protect is off
[    5.634863] sd 2:0:1:0: [sdb] Incomplete mode parameter data
[    5.642786] sd 2:0:1:0: [sdb] Assuming drive cache: write through
[    5.644944] e1000 0000:00:08.0 eth1: (PCI:33MHz:32-bit) 08:00:27:02:7c:5f
[    5.658032] e1000 0000:00:08.0 eth1: Intel(R) PRO/1000 Network Connection
[    5.672598]  sda: sda1
[    5.682245] sd 2:0:0:0: [sda] Attached SCSI disk
[    5.688820] sd 2:0:1:0: [sdb] Attached SCSI disk
[    5.697227] e1000 0000:00:08.0 enp0s8: renamed from eth1
[    5.727527] e1000 0000:00:03.0 enp0s3: renamed from eth0
Begin: Loading essential drivers ... [    8.376426] raid6: sse2x1   gen()  7836 MB/s
[    8.428247] raid6: sse2x1   xor()  4141 MB/s
[    8.480708] raid6: sse2x2   gen()  8625 MB/s
[    8.532900] raid6: sse2x2   xor()  6210 MB/s
[    8.584660] raid6: sse2x4   gen()  9894 MB/s
[    8.636626] raid6: sse2x4   xor()  6070 MB/s
[    8.641803] raid6: using algorithm sse2x4 gen() 9894 MB/s
[    8.648315] raid6: .... xor() 6070 MB/s, rmw enabled
[    8.654953] raid6: using ssse3x2 recovery algorithm
[    8.664507] xor: measuring software checksum speed
[   99.793465] INFO: rcu_sched detected stalls on CPUs/tasks:
[   99.800457] 	1-...!: (1 GPs behind) idle=ed2/140000000000000/0 softirq=1340/1341 fqs=1 
[   99.810311] 	(detected by 0, t=22779 jiffies, g=-83, c=-84, q=13)
[   99.818371] Sending NMI from CPU 0 to CPUs 1:
[  109.764434] rcu_sched kthread starved for 22776 jiffies! g18446744073709551533 c18446744073709551532 f0x0 RCU_GP_WAIT_FQS(3) ->state=0x402 ->cpu=0
[  109.784981] rcu_sched       I    0     9      2 0x80000000
[  109.793279] Call Trace:
[  109.797003]  __schedule+0x24e/0x890
[  109.802271]  schedule+0x2c/0x80
[  109.807212]  schedule_timeout+0x15d/0x370
[  109.812607]  ? __next_timer_interrupt+0xe0/0xe0
[  109.819229]  rcu_gp_kthread+0x53a/0x980
[  109.824346]  kthread+0x121/0x140
[  109.828798]  ? rcu_note_context_switch+0x150/0x150
[  109.835737]  ? kthread_create_worker_on_cpu+0x70/0x70
[  109.842310]  ret_from_fork+0x1f/0x40
[  109.898063]    prefetch64-sse: 74509.928 MB/sec
[  109.992907]    generic_sse: 23295.000 MB/sec
[  109.998205] xor: using function: prefetch64-sse (74509.928 MB/sec)
[  110.009977] async_tx: api initialized (async)
done.
Begin: Running /scripts/init-premount ... done.
Begin: Mounting root file system ... Begin: Running /scripts/local-top ... done.
Begin: Running /scripts/local-premount ... [  110.114724] Btrfs loaded, crc32c=crc32c-intel
Scanning for Btrfs filesystems
done.
Warning: fsck not present, so skipping root file system
[  110.198583] EXT4-fs (sda1): mounted filesystem with ordered data mode. Opts: (null)
done.
Begin: Running /scripts/local-bottom ... done.
Begin: Running /scripts/init-bottom ... done.
[  110.514248] ip_tables: (C) 2000-2006 Netfilter Core Team
[  110.550141] systemd[1]: systemd 237 running in system mode. (+PAM +AUDIT +SELINUX +IMA +APPARMOR +SMACK +SYSVINIT +UTMP +LIBCRYPTSETUP +GCRYPT +GNUTLS +ACL +XZ +LZ4 +SECCOMP +BLKID +ELFUTILS +KMOD -IDN2 +IDN -PCRE2 default-hierarchy=hybrid)
[  110.580503] systemd[1]: Detected virtualization oracle.
[  110.588341] systemd[1]: Detected architecture x86-64.

Welcome to [1mUbuntu 18.04.6 LTS[0m!

[  110.645863] systemd[1]: Set hostname to <ubuntu-bionic>.
[  111.222000] systemd[1]: Created slice User and Session Slice.
[[0;32m  OK  [0m] Created slice User and Session Slice.
[  111.234223] systemd[1]: Created slice System Slice.
[[0;32m  OK  [0m] Created slice System Slice.
[  111.243817] systemd[1]: Created slice system-serial\x2dgetty.slice.
[[0;32m  OK  [0m] Created slice system-serial\x2dgetty.slice.
[  111.255783] systemd[1]: Listening on udev Control Socket.
[[0;32m  OK  [0m] Listening on udev Control Socket.
[  111.266480] systemd[1]: Started Forward Password Requests to Wall Directory Watch.
[[0;32m  OK  [0m] Started Forward Password Requests to Wall Directory Watch.
[  111.280826] systemd[1]: Reached target Swap.
[[0;32m  OK  [0m] Reached target Swap.
[[0;32m  OK  [0m] Listening on Journal Audit Socket.
[[0;32m  OK  [0m] Listening on Journal Socket.
         Starting Create list of required stâ€¦ce nodes for the current kernel...
[[0;32m  OK  [0m] Listening on Device-mapper event daemon FIFOs.
         Starting Load Kernel Modules...
[[0;32m  OK  [0m] Listening on Network Service Netlink Socket.
[[0;32m  OK  [0m] Listening on /dev/initctl Compatibility Named Pipe.
         Starting Set the console keyboard layout...
         Mounting POSIX Message Queue File System...
         Starting Uncomplicated firewall...
         Mounting Kernel Debug File System...
[[0;32m  OK  [0m[  111.347992] Loading iSCSI transport class v2.0-870.
] Listening on LVM2 metadata daemon socket.
[[0;32m  OK  [0m] Reached target Slices.
[[0;32m  OK  [0m] Listening on LVM2 poll daemon socket.
[[0;32m  OK  [0m] Set up automount Arbitrary Executabâ€¦rmats File System Automount Point.
         Starting Monitoring of LVM2 mirrorsâ€¦ng dmeventd or progress polling...
         Mounting Huge Pages File System...
[[0;32m  OK  [0m] Reached target User and Group Name Lookups.
[[0;32m  OK  [0m] Listening on fsck to fsckd communication Socket.
         Starting File System Check on Root Device...
[[0;32m  OK  [0m] Listening on Journal Socket (/dev/log).
[[0;32m  OK  [0m] Reached target System Time Synchronized.
[[0;32m  OK  [0m] Listening on udev Kernel Socket.
         Starting udev Coldplug all Devices...
[[0;32m  OK  [0m] Listening on Syslog Socket.
         Starting Journal Service...
[  111.452208] iscsi: registered transport (tcp)
[[0;32m  OK  [0m] Started Create list of required staâ€¦vice nodes for the current kernel.
[[0;32m  OK  [0m] Mounted POSIX Message Queue File System.
[[0;32m  OK  [0m] Started Uncomplicated firewall.
[[0;32m  OK  [0m] Mounted Kernel Debug File System.
[[0;32m  OK  [0m] Mounted Huge Pages File System.
[[0;32m  OK  [0m] Started LVM2 metadata daemon.
[[0;32m  OK  [0m] Started File System Check Daemon to report status.
         Starting Create Static Device Nodes in /dev...
[[0;32m  OK  [0m] Started File System Check on Root Device.
         Starting Remount Root and Kernel File Systems...
[[0;32m  OK  [0m] Started udev Coldplug all Devices.
[[0;32m  OK  [0m] Started Create Static Device Nodes in /dev.
[[0;32m  OK  [0m] Started Journal Service.
[  111.708699] EXT4-fs (sda1): re-mounted. Opts: (null)
[[0;32m  OK  [0m] Started Remount Root and Kernel File Systems.
         Starting Flush Journal to Persistent Storage...
         Starting Load/Save Random Seed...
         Starting udev Kernel Device Manager...
[[0;32m  OK  [0m] Started Monitoring of LVM2 mirrors,â€¦sing dmeventd or progress polling.
[[0;32m  OK  [0m] Started Load/Save Random Seed.
[  111.787848] systemd-journald[412]: Received request to flush runtime journal from PID 1
[[0;32m  OK  [0m] Started udev Kernel Device Manager.
[  111.898067] iscsi: registered transport (iser)
[[0;32m  OK  [0m] Started Load Kernel Modules.
         Starting Apply Kernel Variables...
         Mounting Kernel Configuration File System...
         Mounting FUSE Control File System...
[[0;32m  OK  [0m] Mounted FUSE Control File System.
[[0;32m  OK  [0m] Mounted Kernel Configuration File System.
[[0;32m  OK  [0m] Started Flush Journal to Persistent Storage.
[[0;32m  OK  [0m] Started Apply Kernel Variables.
[[0;32m  OK  [0m] Started Set the console keyboard layout.
[[0;32m  OK  [0m] Reached target Local File Systems (Pre).
[[0;32m  OK  [0m] Reached target Local File Systems.
         Starting AppArmor initialization...
         Starting Create Volatile Files and Directories...
         Starting ebtables ruleset management...
         Starting Tell Plymouth To Write Out Runtime Data...
         Starting Set console font and keymap...
[[0;32m  OK  [0m] Started Dispatch Password Requests to Console Directory Watch.
[[0;32m  OK  [0m] Reached target Local Encrypted Volumes.
[[0;32m  OK  [0m] Started Set console font and keymap.
[[0;32m  OK  [0m] Started Tell Plymouth To Write Out Runtime Data.
[[0;32m  OK  [0m] Started Create Volatile Files and Directories.
         Starting Update UTMP about System Boot/Shutdown...
[[0;32m  OK  [0m] Started Update UTMP about System Boot/Shutdown.
[[0;32m  OK  [0m] Started ebtables ruleset management.
[[0;32m  OK  [0m] Found device /dev/ttyS0.
[[0;32m  OK  [0m] Listening on Load/Save RF Kill Switch Status /dev/rfkill Watch.
[[0;32m  OK  [0m] Started AppArmor initialization.
         Starting Load AppArmor profiles managed internally by snapd...
         Starting Initial cloud-init job (pre-networking)...
         Mounting Arbitrary Executable File Formats File System...
[[0;32m  OK  [0m] Mounted Arbitrary Executable File Formats File System.
[[0;32m  OK  [0m] Started Load AppArmor profiles managed internally by snapd.
[  115.719117] cloud-init[582]: Cloud-init v. 22.3.4-0ubuntu1~18.04.1 running 'init-local' at Wed, 16 Nov 2022 00:28:12 +0000. Up 115.44 seconds.
[[0;32m  OK  [0m] Started Initial cloud-init job (pre-networking).
[[0;32m  OK  [0m] Reached target Network (Pre).
         Starting Network Service...
[[0;32m  OK  [0m] Started Network Service.
         Starting Wait for Network to be Configured...
         Starting Network Name Resolution...
[[0;32m  OK  [0m] Started Network Name Resolution.
[[0;32m  OK  [0m] Reached target Network.
[[0;32m  OK  [0m] Reached target Host and Network Name Lookups.
[[0;32m  OK  [0m] Started Wait for Network to be Configured.
         Starting Initial cloud-init job (metadata service crawler)...
[  119.147252] cloud-init[698]: Cloud-init v. 22.3.4-0ubuntu1~18.04.1 running 'init' at Wed, 16 Nov 2022 00:28:15 +0000. Up 118.85 seconds.
[  119.153762] cloud-init[698]: ci-info: ++++++++++++++++++++++++++++++++++++++Net device info+++++++++++++++++++++++++++++++++++++++
[  119.160983] cloud-init[698]: ci-info: +--------+------+-----------------------------+---------------+--------+-------------------+
[  119.167604] cloud-init[698]: ci-info: | Device |  Up  |           Address           |      Mask     | Scope  |     Hw-Address    |
[  119.173662] cloud-init[698]: ci-info: +--------+------+-----------------------------+---------------+--------+-------------------+
[  119.179401] cloud-init[698]: ci-info: | enp0s3 | True |          10.0.2.15          | 255.255.255.0 | global | 02:4e:99:64:d2:eb |
[  119.185392] cloud-init[698]: ci-info: | enp0s3 | True |  fe80::4e:99ff:fe64:d2eb/64 |       .       |  link  | 02:4e:99:64:d2:eb |
[  119.192483] cloud-init[698]: ci-info: | enp0s8 | True |         192.168.1.52        | 255.255.255.0 | global | 08:00:27:02:7c:5f |
[  119.198739] cloud-init[698]: ci-info: | enp0s8 | True | fe80::a00:27ff:fe02:7c5f/64 |       .       |  link  | 08:00:27:02:7c:5f |
[  119.204600] cloud-init[698]: ci-info: |   lo   | True |          127.0.0.1          |   255.0.0.0   |  host  |         .         |
[  119.211716] cloud-init[698]: ci-info: |   lo   | True |           ::1/128           |       .       |  host  |         .         |
[  119.218118] cloud-init[698]: ci-info: +--------+------+-----------------------------+---------------+--------+-------------------+
[  119.224748] cloud-init[698]: ci-info: ++++++++++++++++++++++++++++Route IPv4 info+++++++++++++++++++++++++++++
[  119.231524] cloud-init[698]: ci-info: +-------+-------------+----------+-----------------+-----------+-------+
[  119.236706] cloud-init[698]: ci-info: | Route | Destination | Gateway  |     Genmask     | Interface | Flags |
[  119.242296] cloud-init[698]: ci-info: +-------+-------------+----------+-----------------+-----------+-------+
[  119.247962] cloud-init[698]: ci-info: |   0   |   0.0.0.0   | 10.0.2.2 |     0.0.0.0     |   enp0s3  |   UG  |
[  119.253789] cloud-init[698]: ci-info: |   1   |   10.0.2.0  | 0.0.0.0  |  255.255.255.0  |   enp0s3  |   U   |
[  119.260512] cloud-init[698]: ci-info: |   2   |   10.0.2.2  | 0.0.0.0  | 255.255.255.255 |   enp0s3  |   UH  |
[  119.266159] cloud-init[698]: ci-info: |   3   | 192.168.1.0 | 0.0.0.0  |  255.255.255.0  |   enp0s8  |   U   |
[  119.271299] cloud-init[698]: ci-info: +-------+-------------+----------+-----------------+-----------+-------+
[  119.277750] cloud-init[698]: ci-info: +++++++++++++++++++Route IPv6 info+++++++++++++++++++
[  119.281688] cloud-init[698]: ci-info: +-------+-------------+---------+-----------+-------+
[  119.285233] cloud-init[698]: ci-info: | Route | Destination | Gateway | Interface | Flags |
[  119.288748] cloud-init[698]: ci-info: +-------+-------------+---------+-----------+-------+
[  119.293347] cloud-init[698]: ci-info: |   1   |  fe80::/64  |    ::   |   enp0s8  |   U   |
[  119.297688] cloud-init[698]: ci-info: |   2   |  fe80::/64  |    ::   |   enp0s3  |   U   |
[  119.301497] cloud-init[698]: ci-info: |   4   |    local    |    ::   |   enp0s3  |   U   |
[  119.305164] cloud-init[698]: ci-info: |   5   |    local    |    ::   |   enp0s8  |   U   |
[  119.321275] cloud-init[698]: ci-info: |   6   |   ff00::/8  |    ::   |   enp0s8  |   U   |
[  119.325548] cloud-init[698]: ci-info: |   7   |   ff00::/8  |    ::   |   enp0s3  |   U   |
[  119.329675] cloud-init[698]: ci-info: +-------+-------------+---------+-----------+-------+
[[0;32m  OK  [0m] Started Initial cloud-init job (metadata service crawler).
[[0;32m  OK  [0m] Reached target Network is Online.
         Starting Availability of block devices...
[[0;32m  OK  [0m] Reached target Remote File Systems (Pre).
         Mounting /configs...
[[0;32m  OK  [0m] Reached target Cloud-config availability.
[[0;32m  OK  [0m] Reached target System Initialization.
[[0;32m  OK  [0m] Started Message of the Day.
[[0;32m  OK  [0m] Listening on UUID daemon activation socket.
[[0;32m  OK  [0m] Listening on D-Bus System Message Bus Socket.
[[0;32m  OK  [0m] Started Daily Cleanup of Temporary Directories.
[[0;32m  OK  [0m] Listening on Open-iSCSI iscsid Socket.
[[0;32m  OK  [0m] Started Ubuntu Advantage Timer for running repeated jobs.
         Starting LXD - unix socket.
[[0;32m  OK  [0m] Listening on cloud-init hotplug hook socket.
[[0;32m  OK  [0m] Started ACPI Events Check.
[[0;32m  OK  [0m] Reached target Paths.
         Starting Socket activation for snappy daemon.
[[0;32m  OK  [0m] Listening on ACPID Listen Socket.
[[0;32m  OK  [0m] Started Discard unused blocks once a week.
[[0;32m  OK  [0m] Started Daily apt download activities.
[[0;32m  OK  [0m] Started Daily apt upgrade and clean activities.
[[0;32m  OK  [0m] Reached target Timers.
[[0;32m  OK  [0m] Started Availability of block devices.
[[0;32m  OK  [0m] Listening on LXD - unix socket.
[[0;32m  OK  [0m] Listening on Socket activation for snappy daemon.
[[0;32m  OK  [0m] Reached target Sockets.
[[0;32m  OK  [0m] Reached target Basic System.
[[0;32m  OK  [0m] Started FUSE filesystem for LXC.
         Starting LSB: Record successful boot for GRUB...
[[0;32m  OK  [0m] Reached target Login Prompts (Pre).
[[0;32m  OK  [0m] Started Regular background program processing daemon.
         Starting System Logging Service...
[[0;32m  OK  [0m] Started Deferred execution scheduler.
         Starting Login Service...
[[0;32m  OK  [0m] Started irqbalance daemon.
         Starting Accounts Service...
         Starting OpenBSD Secure Shell server...
         Starting LXD - container startup/shutdown...
[[0;32m  OK  [0m] Started D-Bus System Message Bus.
         Starting Snap Daemon...
         Starting Dispatcher daemon for systemd-networkd...
         Starting Virtualbox guest utils...
[[0;32m  OK  [0m] Started System Logging Service.
[[0;32m  OK  [0m] Mounted /configs.
[[0;32m  OK  [0m] Started LXD - container startup/shutdown.
[[0;32m  OK  [0m] Started Login Service.
[[0;32m  OK  [0m] Started Unattended Upgrades Shutdown.
[[0;32m  OK  [0m] Reached target Remote File Systems.
         Starting Permit User Sessions...
         Starting LSB: automatic crash report generation...
[[0;32m  OK  [0m] Started Permit User Sessions.
         Starting Hold until boot process finishes up...
         Starting Terminate Plymouth Boot Screen...
[[0;32m  OK  [0m] Started OpenBSD Secure Shell server.
[[0;32m  OK  [0m] Started Hold until boot process finishes up.
[[0;32m  OK  [0m] Started Terminate Plymouth Boot Screen.
         Starting Set console scheme...
[[0;32m  OK  [0m] Started Serial Getty on ttyS0.
         Starting Authorization Manager...
[[0;32m  OK  [0m] Started Set console scheme.
[[0;32m  OK  [0m] Created slice system-getty.slice.
[[0;32m  OK  [0m] Started Getty on tty1.
[[0;32m  OK  [0m] Reached target Login Prompts.
[[0;32m  OK  [0m] Started LSB: Record successful boot for GRUB.
[[0;32m  OK  [0m] Started LSB: automatic crash report generation.
[[0;32m  OK  [0m] Started Authorization Manager.
[[0;32m  OK  [0m] Started Accounts Service.
[[0;32m  OK  [0m] Started Virtualbox guest utils.
[[0;32m  OK  [0m] Started Dispatcher daemon for systemd-networkd.
[[0;32m  OK  [0m] Started Snap Daemon.
         Starting Wait until snapd is fully seeded...
         Starting Time & Date Service...
[[0;32m  OK  [0m] Started Time & Date Service.
[[0;32m  OK  [0m] Started Wait until snapd is fully seeded.
         Starting Apply the settings specified in cloud-config...
[  122.781296] cloud-init[1069]: Cloud-init v. 22.3.4-0ubuntu1~18.04.1 running 'modules:config' at Wed, 16 Nov 2022 00:28:19 +0000. Up 122.59 seconds.
[[0;32m  OK  [0m] Started Apply the settings specified in cloud-config.
[[0;32m  OK  [0m] Reached target Multi-User System.
[[0;32m  OK  [0m] Reached target Graphical Interface.
         Starting Update UTMP about System Runlevel Changes...
         Starting Execute cloud user/final scripts...
[[0;32m  OK  [0m] Started Update UTMP about System Runlevel Changes.
[[0;32m  OK  [0m] Created slice User Slice of vagrant.
         Starting User Manager [ 1911.460326] INFO: rcu_sched self-detected stall on CPU
[ 1911.463718] INFO: rcu_sched self-detected stall on CPU
[ 1911.468144] 	1-...!: (1 ticks this GP) idle=6e6/140000000000001/0 softirq=45638/45638 fqs=0 
[ 1911.487497] 	 (t=59915 jiffies g=12566 c=12565 q=27)
[ 1911.487526] 	0-...!: (1 ticks this GP) idle=01e/140000000000001/0 softirq=44137/44137 fqs=0 
[ 1911.494814] rcu_sched kthread starved for 59915 jiffies! g12566 c12565 f0x0 RCU_GP_WAIT_FQS(3) ->state=0x402 ->cpu=1
[ 1911.506733] 	 (t=59915 jiffies g=12566 c=12565 q=27)
[ 1911.525247] rcu_sched kthread starved for 59915 jiffies! g12566 c12565 f0x0 RCU_GP_WAIT_FQS(3) ->state=0x402 ->cpu=1
[ 2232.697479] INFO: rcu_sched detected stalls on CPUs/tasks:
[ 2232.705753] 	(detected by 1, t=30851 jiffies, g=15633, c=15632, q=122)
[ 2232.715673] All QSes seen, last rcu_sched kthread activity 30851 (4295450659-4295419808), jiffies_till_next_fqs=1, root ->qsmask 0x0
[ 2232.732518] rcu_sched kthread starved for 30851 jiffies! g15633 c15632 f0x2 RCU_GP_WAIT_FQS(3) ->state=0x0 ->cpu=1
